// Jest Snapshot v1, https://goo.gl/fbAQLP

exports[`Match the UI 1`] = `
<div>
  <div
    class="container-fluid"
  >
    <div
      class="div-row row"
    >
      <div
        class="div-col col-md-6"
      >
        <form
          class="div-form"
        >
          <div
            class="div-logo"
          >
            <img
              alt="Logo"
              class="logo"
              height="100px"
              src="logo.png"
              width="200px"
            />
          </div>
          <div
            class="mb-3"
          >
            <label
              class="form-label"
              for="email"
              id="email"
            >
              Email
            </label>
            <input
              class="form-control"
              name="email"
              type="email"
              value="abc213@gmail.com"
            />
          </div>
          <div
            class="mb-3"
          >
            <label
              class="form-label"
              for="password"
              id="password"
            >
              Password
            </label>
            <input
              class="form-control"
              name="password"
              type="password"
            />
          </div>
          <div
            class="mb-3"
          >
            <input
              class="form-check-input"
              type="checkbox"
            />
            <label
              class="form-label"
            >
              Remember me
            </label>
          </div>
          <div
            class="mb-3"
          >
            <label
              class="form-label"
            >
              <a
                href=""
              >
                Forget Password ?
              </a>
            </label>
          </div>
          <div
            class="mb-3"
          >
            <button
              class="btn btn-primary"
              type="button"
            >
              SignIn
            </button>
          </div>
          <div
            class="mb-3"
          >
            <label
              class="form-label"
            >
              <a
                href="/Registration"
              >
                No Account? SignUp
              </a>
            </label>
          </div>
        </form>
      </div>
    </div>
  </div>
</div>
`;
